// Jest Snapshot v1, https://goo.gl/fbAQLP

exports[`test check_button toMatchSnapshot 1`] = `
Array [
  "getRootHostContext",
  "getChildHostContext",
  "shouldSetTextContent",
  "getChildHostContext",
  "shouldSetTextContent",
  "createInstance",
  "funtion  check_button_create( parent, x, y, w, h ) :null, 0, 0, 0, 0",
  "funtion  widget_set_self_layout_params( widget, x, y, w, h ) :undefined, 10, 10, 128, 30",
  "funtion  widget_set_text_utf8( widget, text ) :undefined, Zzzzzz",
  "funtion  widget_set_name( widget, name ) :undefined, Zzzzzz",
  "funtion  widget_on( widget, type, on_event, ctx ) :undefined, EVT_VALUE_CHANGED, function (evt) {
                    // TODO: 需要检测是否正确
                    var btn = src_1.TCheckButton.cast(evt.target);
                    console.log(btn.name + ' changed. ' + (btn.value));
                    return TRet.OK;
                }, null",
  "finalizeInitialChildren",
  "getChildHostContext",
  "shouldSetTextContent",
  "createInstance",
  "funtion  check_button_create( parent, x, y, w, h ) :null, 0, 0, 0, 0",
  "funtion  widget_set_self_layout_params( widget, x, y, w, h ) :undefined, 10, 50, 128, 30",
  "funtion  widget_set_text_utf8( widget, text ) :undefined, Lzzzzz",
  "funtion  widget_set_name( widget, name ) :undefined, Lzzzzz",
  "funtion  widget_on( widget, type, on_event, ctx ) :undefined, EVT_VALUE_CHANGED, function (evt) {
                    var btn = src_1.TCheckButton.cast(evt.target);
                    console.log(btn.name + ' changed. ' + (btn.value));
                    return TRet.OK;
                }, null",
  "finalizeInitialChildren",
  "getChildHostContext",
  "shouldSetTextContent",
  "createInstance",
  "funtion  check_button_create( parent, x, y, w, h ) :null, 0, 0, 0, 0",
  "funtion  widget_set_self_layout_params( widget, x, y, w, h ) :undefined, 10, 90, 128, 30",
  "funtion  widget_set_text_utf8( widget, text ) :undefined, Zzzzzz",
  "funtion  widget_set_name( widget, name ) :undefined, Zzzzzz",
  "funtion  widget_on( widget, type, on_event, ctx ) :undefined, EVT_VALUE_CHANGED, function (evt) {
                    var btn = src_1.TCheckButton.cast(evt.target);
                    console.log(btn.name + ' changed. ' + (btn.value));
                    return TRet.OK;
                }, null",
  "finalizeInitialChildren",
  "getChildHostContext",
  "shouldSetTextContent",
  "createInstance",
  "funtion  check_button_create_radio( parent, x, y, w, h ) :null, 0, 0, 0, 0",
  "funtion  widget_set_self_layout_params( widget, x, y, w, h ) :undefined, 10, 10+128, 128, 30",
  "funtion  widget_set_text_utf8( widget, text ) :undefined, Aaaaaa",
  "funtion  widget_set_name( widget, name ) :undefined, Aaaaaa",
  "funtion  widget_on( widget, type, on_event, ctx ) :undefined, EVT_VALUE_CHANGED, function (evt) {
                    var btn = src_1.TCheckButton.cast(evt.target);
                    console.log(btn.name + ' changed. ' + (btn.value));
                    return TRet.OK;
                }, null",
  "finalizeInitialChildren",
  "getChildHostContext",
  "shouldSetTextContent",
  "createInstance",
  "funtion  check_button_create_radio( parent, x, y, w, h ) :null, 0, 0, 0, 0",
  "funtion  widget_set_self_layout_params( widget, x, y, w, h ) :undefined, 10, 50+128, 128, 30",
  "funtion  widget_set_text_utf8( widget, text ) :undefined, Waaaaa",
  "funtion  widget_set_name( widget, name ) :undefined, Waaaaa",
  "funtion  widget_on( widget, type, on_event, ctx ) :undefined, EVT_VALUE_CHANGED, function (evt) {
                    var btn = src_1.TCheckButton.cast(evt.target);
                    console.log(btn.name + ' changed. ' + (btn.value));
                    return TRet.OK;
                }, null",
  "finalizeInitialChildren",
  "getChildHostContext",
  "shouldSetTextContent",
  "createInstance",
  "funtion  check_button_create_radio( parent, x, y, w, h ) :null, 0, 0, 0, 0",
  "funtion  widget_set_self_layout_params( widget, x, y, w, h ) :undefined, 10, 90+129, 128, 30",
  "funtion  widget_set_text_utf8( widget, text ) :undefined, Tttttt",
  "funtion  widget_set_name( widget, name ) :undefined, Tttttt",
  "funtion  widget_on( widget, type, on_event, ctx ) :undefined, EVT_VALUE_CHANGED, function (evt) {
                    var btn = src_1.TCheckButton.cast(evt.target);
                    console.log(btn.name + ' changed. ' + (btn.value));
                    return TRet.OK;
                }, null",
  "finalizeInitialChildren",
  "getChildHostContext",
  "shouldSetTextContent",
  "createInstance",
  "funtion  check_button_create_radio( parent, x, y, w, h ) :null, 0, 0, 0, 0",
  "funtion  widget_set_self_layout_params( widget, x, y, w, h ) :undefined, 10, 130+129, 128, 30",
  "funtion  widget_set_text_utf8( widget, text ) :undefined, Kkkkkk",
  "funtion  widget_set_name( widget, name ) :undefined, Kkkkkk",
  "funtion  widget_on( widget, type, on_event, ctx ) :undefined, EVT_VALUE_CHANGED, function (evt) {
                    var btn = src_1.TCheckButton.cast(evt.target);
                    console.log(btn.name + ' changed. ' + (btn.value));
                    return TRet.OK;
                }, null",
  "finalizeInitialChildren",
  "createInstance",
  "funtion  window_create( parent, x, y, w, h ) :null, 0, 0, 0, 0",
  "appendInitialChild",
  "appendInitialChild",
  "appendInitialChild",
  "appendInitialChild",
  "appendInitialChild",
  "appendInitialChild",
  "appendInitialChild",
  "finalizeInitialChildren",
  "prepareForCommit",
  "appendNodeChild",
  "resetAfterCommit",
  "getPublicInstance",
  "funtion  widget_add_child( widget, child ) :undefined, [object Object]",
  "funtion  widget_add_child( widget, child ) :undefined, [object Object]",
  "funtion  widget_add_child( widget, child ) :undefined, [object Object]",
  "funtion  widget_add_child( widget, child ) :undefined, [object Object]",
  "funtion  widget_add_child( widget, child ) :undefined, [object Object]",
  "funtion  widget_add_child( widget, child ) :undefined, [object Object]",
  "funtion  widget_add_child( widget, child ) :undefined, [object Object]",
  "funtion  widget_layout( widget ) :undefined",
]
`;
