// Jest Snapshot v1, https://goo.gl/fbAQLP

exports[`test check_button toMatchSnapshot 1`] = `
Array [
  "getRootHostContext",
  "getChildHostContext",
  "shouldSetTextContent",
  "getChildHostContext",
  "shouldSetTextContent",
  "createInstance",
  "funtion  check_button_create_radio( parent, x, y, w, h ) :null, 0, 0, 0, 0",
  "funtion  widget_set_self_layout_params( widget, x, y, w, h ) :undefined, 10, 138, 128, 30",
  "funtion  widget_set_text_utf8( widget, text ) :undefined, 1",
  "funtion  widget_set_name( widget, name ) :undefined, 1",
  "funtion  widget_on( widget, type, on_event, ctx ) :undefined, EVT_VALUE_CHANGED, function (evt) {
        var target = src_1.TEvent.cast(evt).target;
        var btn = src_1.TCheckButton.cast(target);
        console.log(btn.name + ' changed. ' + (btn.value));
        return TRet.OK;
    }, null",
  "finalizeInitialChildren",
  "getChildHostContext",
  "shouldSetTextContent",
  "createInstance",
  "funtion  check_button_create( parent, x, y, w, h ) :null, 0, 0, 0, 0",
  "funtion  widget_set_self_layout_params( widget, x, y, w, h ) :undefined, 10, 178, 128, 30",
  "funtion  widget_set_text_utf8( widget, text ) :undefined, 2",
  "funtion  widget_set_name( widget, name ) :undefined, 2",
  "funtion  widget_on( widget, type, on_event, ctx ) :undefined, EVT_VALUE_CHANGED, function (evt) {
        var target = src_1.TEvent.cast(evt).target;
        var btn = src_1.TCheckButton.cast(target);
        console.log(btn.name + ' changed. ' + (btn.value));
        return TRet.OK;
    }, null",
  "finalizeInitialChildren",
  "getChildHostContext",
  "shouldSetTextContent",
  "createInstance",
  "funtion  check_button_create_radio( parent, x, y, w, h ) :null, 0, 0, 0, 0",
  "funtion  widget_set_self_layout_params( widget, x, y, w, h ) :undefined, 10, 219, 128, 30",
  "funtion  widget_set_text_utf8( widget, text ) :undefined, 3",
  "funtion  widget_set_name( widget, name ) :undefined, 3",
  "funtion  widget_on( widget, type, on_event, ctx ) :undefined, EVT_VALUE_CHANGED, function (evt) {
        var target = src_1.TEvent.cast(evt).target;
        var btn = src_1.TCheckButton.cast(target);
        console.log(btn.name + ' changed. ' + (btn.value));
        return TRet.OK;
    }, null",
  "finalizeInitialChildren",
  "getChildHostContext",
  "shouldSetTextContent",
  "createInstance",
  "funtion  check_button_create( parent, x, y, w, h ) :null, 0, 0, 0, 0",
  "funtion  widget_set_self_layout_params( widget, x, y, w, h ) :undefined, 10, 259, 128, 30",
  "funtion  widget_set_text_utf8( widget, text ) :undefined, 4",
  "funtion  widget_set_name( widget, name ) :undefined, 4",
  "funtion  widget_on( widget, type, on_event, ctx ) :undefined, EVT_VALUE_CHANGED, function (evt) {
        var target = src_1.TEvent.cast(evt).target;
        var btn = src_1.TCheckButton.cast(target);
        console.log(btn.name + ' changed. ' + (btn.value));
        return TRet.OK;
    }, null",
  "finalizeInitialChildren",
  "getChildHostContext",
  "shouldSetTextContent",
  "createInstance",
  "funtion  check_button_create_radio( parent, x, y, w, h ) :null, 0, 0, 0, 0",
  "funtion  widget_set_self_layout_params( widget, x, y, w, h ) :undefined, 10, 10, 128, 30",
  "funtion  widget_set_text_utf8( widget, text ) :undefined, 5",
  "funtion  widget_set_name( widget, name ) :undefined, 5",
  "funtion  widget_on( widget, type, on_event, ctx ) :undefined, EVT_VALUE_CHANGED, function (evt) {
        var target = src_1.TEvent.cast(evt).target;
        var btn = src_1.TCheckButton.cast(target);
        console.log(btn.name + ' changed. ' + (btn.value));
        return TRet.OK;
    }, null",
  "finalizeInitialChildren",
  "getChildHostContext",
  "shouldSetTextContent",
  "createInstance",
  "funtion  check_button_create( parent, x, y, w, h ) :null, 0, 0, 0, 0",
  "funtion  widget_set_self_layout_params( widget, x, y, w, h ) :undefined, 10, 50, 128, 30",
  "funtion  widget_set_text_utf8( widget, text ) :undefined, 6",
  "funtion  widget_set_name( widget, name ) :undefined, 6",
  "funtion  widget_on( widget, type, on_event, ctx ) :undefined, EVT_VALUE_CHANGED, function (evt) {
        var target = src_1.TEvent.cast(evt).target;
        var btn = src_1.TCheckButton.cast(target);
        console.log(btn.name + ' changed. ' + (btn.value));
        return TRet.OK;
    }, null",
  "finalizeInitialChildren",
  "getChildHostContext",
  "shouldSetTextContent",
  "createInstance",
  "funtion  check_button_create_radio( parent, x, y, w, h ) :null, 0, 0, 0, 0",
  "funtion  widget_set_self_layout_params( widget, x, y, w, h ) :undefined, 10, 90, 128, 30",
  "funtion  widget_set_text_utf8( widget, text ) :undefined, 7",
  "funtion  widget_set_name( widget, name ) :undefined, 7",
  "funtion  widget_on( widget, type, on_event, ctx ) :undefined, EVT_VALUE_CHANGED, function (evt) {
        var target = src_1.TEvent.cast(evt).target;
        var btn = src_1.TCheckButton.cast(target);
        console.log(btn.name + ' changed. ' + (btn.value));
        return TRet.OK;
    }, null",
  "finalizeInitialChildren",
  "createInstance",
  "funtion  window_create( parent, x, y, w, h ) :null, 0, 0, 0, 0",
  "appendInitialChild",
  "appendInitialChild",
  "appendInitialChild",
  "appendInitialChild",
  "appendInitialChild",
  "appendInitialChild",
  "appendInitialChild",
  "finalizeInitialChildren",
  "prepareForCommit",
  "appendNodeChild",
  "resetAfterCommit",
  "getPublicInstance",
  "funtion  widget_add_child( widget, child ) :undefined, [object Object]",
  "funtion  widget_add_child( widget, child ) :undefined, [object Object]",
  "funtion  widget_add_child( widget, child ) :undefined, [object Object]",
  "funtion  widget_add_child( widget, child ) :undefined, [object Object]",
  "funtion  widget_add_child( widget, child ) :undefined, [object Object]",
  "funtion  widget_add_child( widget, child ) :undefined, [object Object]",
  "funtion  widget_add_child( widget, child ) :undefined, [object Object]",
  "funtion  widget_layout( widget ) :undefined",
  "win1 子控件 数量: 7",
]
`;
