// Jest Snapshot v1, https://goo.gl/fbAQLP

exports[`test button toMatchSnapshot 1`] = `
Array [
  "getRootHostContext",
  "getChildHostContext",
  "shouldSetTextContent",
  "getChildHostContext",
  "shouldSetTextContent",
  "createInstance",
  "funtion  label_create( parent, x, y, w, h ) :null, 0, 0, 0, 0",
  "funtion  widget_set_self_layout_params( widget, x, y, w, h ) :undefined, center, middle, 50%, 30",
  "funtion  widget_use_style( widget, style ) :undefined, big_green",
  "funtion  widget_set_text_utf8( widget, text ) :undefined, ok",
  "finalizeInitialChildren",
  "createInstance",
  "funtion  window_create( parent, x, y, w, h ) :null, 0, 0, 0, 0",
  "appendInitialChild",
  "finalizeInitialChildren",
  "prepareForCommit",
  "appendNodeChild",
  "resetAfterCommit",
  "getPublicInstance",
  "funtion  widget_add_child( widget, child ) :undefined, [object Object]",
  "funtion  widget_layout( widget ) :undefined",
]
`;
